query{repository(owner:"acme",name:"widgets"){discussions(first:100){nodes{number title body url author{login url} createdAt updatedAt upvoteCount labels(first:100){nodes{name}} answer{id author{login url} body createdAt updatedAt upvoteCount replies(first:100){pageInfo{hasNextPage endCursor} nodes{id author{login url} body createdAt updatedAt upvoteCount}}} comments(first:100){nodes{id author{login url} body createdAt updatedAt upvoteCount replies(first:100){pageInfo{hasNextPage endCursor} nodes{id author{login url} body createdAt updatedAt upvoteCount}}}}}}}}
